// Jest Snapshot v1, https://goo.gl/fbAQLP

exports[`New matches snapshot 1`] = `
Array [
  <h1>
    New User
  </h1>,
  <form
    class="form-horizontal"
    id="create"
  >
    <div
      class="form-group"
    >
      <label
        class="control-label col-sm-3 col-md-2"
        for="first_name"
      >
        First Name
      </label>
      <div
        class="col-sm-3"
      >
        <input
          class="form-control"
          id="first_name"
          required=""
          type="text"
        />
      </div>
    </div>
    <div
      class="form-group"
    >
      <label
        class="control-label col-sm-3 col-md-2"
        for="last_name"
      >
        Last Name
      </label>
      <div
        class="col-sm-3"
      >
        <input
          class="form-control"
          id="last_name"
          required=""
          type="text"
        />
      </div>
    </div>
    <div
      class="form-group"
    >
      <label
        class="control-label col-sm-3 col-md-2"
        for="email"
      >
        Email
      </label>
      <div
        class="col-sm-3"
      >
        <input
          class="form-control"
          id="email"
          required=""
          type="text"
        />
      </div>
    </div>
    <div
      class="row"
    >
      <div
        class="col-sm-4"
      >
        <button
          class="btn btn-primary btn-w-m m-r-sm"
          type="submit"
        >
          Create
        </button>
      </div>
      <div
        class="col-sm-4"
      >
        <a
          class="btn btn-primary btn-w-m m-r-sm"
          href="#/users"
        >
          Back
        </a>
      </div>
      <div
        class="col-sm-4"
      />
    </div>
  </form>,
]
`;
